// Jest Snapshot v1, https://goo.gl/fbAQLP

exports[`HostSelect rendering 1`] = `
<Provider
  store={
    Object {
      "clearActions": [Function],
      "dispatch": [Function],
      "getActions": [Function],
      "getState": [Function],
      "replaceReducer": [Function],
      "subscribe": [Function],
    }
  }
>
  <HostSelect
    apiKey="HOSTS_KEY"
    placeholderText="Test hosts"
    selectedHosts={
      Array [
        "hosts1,host2",
      ]
    }
    setSelectedHosts={[MockFunction]}
    url="/hosts"
  >
    <Select
      aria-describedby=""
      aria-invalid={false}
      aria-label=""
      aria-labelledby=""
      chipGroupComponent={null}
      chipGroupProps={
        Object {
          "className": "hidden-chips",
        }
      }
      className="without_select2"
      clearSelectionsAriaLabel="Clear all"
      createText="Create"
      customBadgeText={null}
      customContent={null}
      direction="down"
      favorites={Array []}
      favoritesLabel="Favorites"
      hasInlineFilter={false}
      inlineFilterPlaceholderText={null}
      inputIdPrefix=""
      isCreatable={false}
      isDisabled={false}
      isGrouped={false}
      isInputValuePersisted={false}
      isOpen={false}
      isPlain={false}
      maxHeight="40vh"
      menuAppendTo="inline"
      noResultsFoundText="No results found"
      onClear={[Function]}
      onCreateOption={[Function]}
      onFilter={null}
      onSelect={[Function]}
      onToggle={[Function]}
      onTypeaheadInputChanged={[Function]}
      ouiaSafe={true}
      placeholderText="Test hosts"
      removeSelectionAriaLabel="Remove"
      selections={
        Array [
          "hosts1,host2",
        ]
      }
      toggleAriaLabel="Options menu"
      toggleIcon={
        <Spinner
          size="sm"
        />
      }
      toggleId={null}
      typeAheadAriaLabel=""
      validated="default"
      variant="typeaheadmulti"
      width="450px"
    >
      <GenerateId
        prefix="pf-random-id-"
      >
        <div
          className="pf-c-select without_select2"
          data-ouia-component-id="OUIA-Generated-Select-typeaheadmulti-1"
          data-ouia-component-type="PF4/Select"
          data-ouia-safe={true}
          style={
            Object {
              "width": "450px",
            }
          }
        >
          <SelectToggle
            aria-label="Options menu"
            aria-labelledby=" pf-select-toggle-id-1"
            className=""
            handleTypeaheadKeys={[Function]}
            hasClearButton={false}
            hasFooter={false}
            id="pf-select-toggle-id-1"
            isActive={false}
            isDisabled={false}
            isOpen={false}
            isPlain={false}
            menuRef={
              Object {
                "current": null,
              }
            }
            onClickTypeaheadToggleButton={[Function]}
            onClose={[Function]}
            onEnter={[Function]}
            onToggle={[Function]}
            parentRef={
              Object {
                "current": <div
                  class="pf-c-select without_select2"
                  data-ouia-component-id="OUIA-Generated-Select-typeaheadmulti-1"
                  data-ouia-component-type="PF4/Select"
                  data-ouia-safe="true"
                  style="width: 450px;"
                >
                  <div
                    class="pf-c-select__toggle pf-m-typeahead"
                  >
                    <div
                      class="pf-c-select__toggle-wrapper"
                    >
                      <span
                        class="pf-c-select__toggle-icon"
                      >
                        <span
                          aria-valuetext="Loading..."
                          class="pf-c-spinner pf-m-sm"
                          role="progressbar"
                        >
                          <span
                            class="pf-c-spinner__clipper"
                          />
                          <span
                            class="pf-c-spinner__lead-ball"
                          />
                          <span
                            class="pf-c-spinner__tail-ball"
                          />
                        </span>
                      </span>
                      <div
                        class="pf-c-chip-group hidden-chips"
                        data-ouia-component-type="PF4/ChipGroup"
                        data-ouia-safe="true"
                      >
                        <div
                          class="pf-c-chip-group__main"
                        >
                          
                          <ul
                            aria-label="Chip group category"
                            class="pf-c-chip-group__list"
                            role="list"
                          >
                            <li
                              class="pf-c-chip-group__list-item"
                            >
                              <div
                                class="pf-c-chip"
                                data-ouia-component-id="OUIA-Generated-Chip-1"
                                data-ouia-component-type="PF4/Chip"
                                data-ouia-safe="true"
                              >
                                <span
                                  class="pf-c-chip__text"
                                  id="pf-random-id-2"
                                >
                                  hosts1,host2
                                </span>
                                <button
                                  aria-disabled="false"
                                  aria-label="Remove"
                                  aria-labelledby="remove_pf-random-id-2 pf-random-id-2"
                                  class="pf-c-button pf-m-plain"
                                  data-ouia-component-id="Remove"
                                  data-ouia-component-type="PF4/Button"
                                  data-ouia-safe="true"
                                  id="remove_pf-random-id-2"
                                  type="button"
                                >
                                  <svg
                                    aria-hidden="true"
                                    fill="currentColor"
                                    height="1em"
                                    role="img"
                                    style="vertical-align: -0.125em;"
                                    viewBox="0 0 352 512"
                                    width="1em"
                                  >
                                    <path
                                      d="M242.72 256l100.07-100.07c12.28-12.28 12.28-32.19 0-44.48l-22.24-22.24c-12.28-12.28-32.19-12.28-44.48 0L176 189.28 75.93 89.21c-12.28-12.28-32.19-12.28-44.48 0L9.21 111.45c-12.28 12.28-12.28 32.19 0 44.48L109.28 256 9.21 356.07c-12.28 12.28-12.28 32.19 0 44.48l22.24 22.24c12.28 12.28 32.2 12.28 44.48 0L176 322.72l100.07 100.07c12.28 12.28 32.2 12.28 44.48 0l22.24-22.24c12.28-12.28 12.28-32.19 0-44.48L242.72 256z"
                                    />
                                  </svg>
                                </button>
                              </div>
                            </li>
                          </ul>
                        </div>
                      </div>
                      <input
                        aria-invalid="false"
                        aria-label=""
                        autocomplete="off"
                        class="pf-c-form-control pf-c-select__toggle-typeahead"
                        id="pf-select-toggle-id-1-select-multi-typeahead-typeahead"
                        placeholder="Test hosts"
                        type="text"
                        value=""
                      />
                    </div>
                    <button
                      aria-expanded="false"
                      aria-haspopup="listbox"
                      aria-label="Options menu"
                      aria-labelledby=" pf-select-toggle-id-1"
                      class="pf-c-button pf-c-select__toggle-button pf-m-plain"
                      id="pf-select-toggle-id-1"
                      tabindex="-1"
                      type="button"
                    >
                      <svg
                        aria-hidden="true"
                        class="pf-c-select__toggle-arrow"
                        fill="currentColor"
                        height="1em"
                        role="img"
                        style="vertical-align: -0.125em;"
                        viewBox="0 0 320 512"
                        width="1em"
                      >
                        <path
                          d="M31.3 192h257.3c17.8 0 26.7 21.5 14.1 34.1L174.1 354.8c-7.8 7.8-20.5 7.8-28.3 0L17.2 226.1C4.6 213.5 13.5 192 31.3 192z"
                        />
                      </svg>
                    </button>
                  </div>
                </div>,
              }
            }
            type="button"
            variant="typeaheadmulti"
          >
            <div
              className="pf-c-select__toggle pf-m-typeahead"
              onClick={[Function]}
              onKeyDown={[Function]}
            >
              <div
                className="pf-c-select__toggle-wrapper"
              >
                <span
                  className="pf-c-select__toggle-icon"
                >
                  <Spinner
                    size="sm"
                  >
                    <span
                      aria-valuetext="Loading..."
                      className="pf-c-spinner pf-m-sm"
                      role="progressbar"
                    >
                      <span
                        className="pf-c-spinner__clipper"
                      />
                      <span
                        className="pf-c-spinner__lead-ball"
                      />
                      <span
                        className="pf-c-spinner__tail-ball"
                      />
                    </span>
                  </Spinner>
                </span>
                <ChipGroup
                  aria-label="Chip group category"
                  categoryName=""
                  className="hidden-chips"
                  closeBtnAriaLabel="Close chip group"
                  collapsedText="\${remaining} more"
                  defaultIsOpen={false}
                  expandedText="Show Less"
                  isClosable={false}
                  numChips={3}
                  onClick={[Function]}
                  onOverflowChipClick={[Function]}
                  tooltipPosition="top"
                >
                  <GenerateId
                    prefix="pf-random-id-"
                  >
                    <div
                      className="pf-c-chip-group hidden-chips"
                      data-ouia-component-type="PF4/ChipGroup"
                      data-ouia-safe={true}
                    >
                      <div
                        className="pf-c-chip-group__main"
                      >
                        <ul
                          aria-label="Chip group category"
                          className="pf-c-chip-group__list"
                          role="list"
                        >
                          <li
                            className="pf-c-chip-group__list-item"
                            key="0"
                          >
                            <Chip
                              className=""
                              closeBtnAriaLabel="Remove"
                              component="div"
                              isOverflowChip={false}
                              isReadOnly={false}
                              key=".$hosts1,host2"
                              onClick={[Function]}
                              tooltipPosition="top"
                            >
                              <GenerateId
                                prefix="pf-random-id-"
                              >
                                <div
                                  className="pf-c-chip"
                                  data-ouia-component-id="OUIA-Generated-Chip-1"
                                  data-ouia-component-type="PF4/Chip"
                                  data-ouia-safe={true}
                                >
                                  <span
                                    className="pf-c-chip__text"
                                    id="pf-random-id-2"
                                  >
                                    hosts1,host2
                                  </span>
                                  <Button
                                    aria-label="Remove"
                                    aria-labelledby="remove_pf-random-id-2 pf-random-id-2"
                                    id="remove_pf-random-id-2"
                                    onClick={[Function]}
                                    ouiaId="Remove"
                                    variant="plain"
                                  >
                                    <button
                                      aria-disabled={false}
                                      aria-label="Remove"
                                      aria-labelledby="remove_pf-random-id-2 pf-random-id-2"
                                      className="pf-c-button pf-m-plain"
                                      data-ouia-component-id="Remove"
                                      data-ouia-component-type="PF4/Button"
                                      data-ouia-safe={true}
                                      disabled={false}
                                      id="remove_pf-random-id-2"
                                      onClick={[Function]}
                                      role={null}
                                      type="button"
                                    >
                                      <TimesIcon
                                        aria-hidden="true"
                                        color="currentColor"
                                        noVerticalAlign={false}
                                        size="sm"
                                      >
                                        <svg
                                          aria-hidden="true"
                                          aria-labelledby={null}
                                          fill="currentColor"
                                          height="1em"
                                          role="img"
                                          style={
                                            Object {
                                              "verticalAlign": "-0.125em",
                                            }
                                          }
                                          viewBox="0 0 352 512"
                                          width="1em"
                                        >
                                          <path
                                            d="M242.72 256l100.07-100.07c12.28-12.28 12.28-32.19 0-44.48l-22.24-22.24c-12.28-12.28-32.19-12.28-44.48 0L176 189.28 75.93 89.21c-12.28-12.28-32.19-12.28-44.48 0L9.21 111.45c-12.28 12.28-12.28 32.19 0 44.48L109.28 256 9.21 356.07c-12.28 12.28-12.28 32.19 0 44.48l22.24 22.24c12.28 12.28 32.2 12.28 44.48 0L176 322.72l100.07 100.07c12.28 12.28 32.2 12.28 44.48 0l22.24-22.24c12.28-12.28 12.28-32.19 0-44.48L242.72 256z"
                                          />
                                        </svg>
                                      </TimesIcon>
                                    </button>
                                  </Button>
                                </div>
                              </GenerateId>
                            </Chip>
                          </li>
                        </ul>
                      </div>
                    </div>
                  </GenerateId>
                </ChipGroup>
                <input
                  aria-activedescendant={null}
                  aria-invalid={false}
                  aria-label=""
                  autoComplete="off"
                  className="pf-c-form-control pf-c-select__toggle-typeahead"
                  disabled={false}
                  id="pf-select-toggle-id-1-select-multi-typeahead-typeahead"
                  onChange={[Function]}
                  onClick={[Function]}
                  placeholder="Test hosts"
                  type="text"
                  value=""
                />
              </div>
              <button
                aria-expanded={false}
                aria-haspopup="listbox"
                aria-label="Options menu"
                aria-labelledby=" pf-select-toggle-id-1"
                className="pf-c-button pf-c-select__toggle-button pf-m-plain"
                disabled={false}
                id="pf-select-toggle-id-1"
                onClick={[Function]}
                tabIndex={-1}
                type="button"
              >
                <CaretDownIcon
                  className="pf-c-select__toggle-arrow"
                  color="currentColor"
                  noVerticalAlign={false}
                  size="sm"
                >
                  <svg
                    aria-hidden={true}
                    aria-labelledby={null}
                    className="pf-c-select__toggle-arrow"
                    fill="currentColor"
                    height="1em"
                    role="img"
                    style={
                      Object {
                        "verticalAlign": "-0.125em",
                      }
                    }
                    viewBox="0 0 320 512"
                    width="1em"
                  >
                    <path
                      d="M31.3 192h257.3c17.8 0 26.7 21.5 14.1 34.1L174.1 354.8c-7.8 7.8-20.5 7.8-28.3 0L17.2 226.1C4.6 213.5 13.5 192 31.3 192z"
                    />
                  </svg>
                </CaretDownIcon>
              </button>
            </div>
          </SelectToggle>
        </div>
      </GenerateId>
    </Select>
  </HostSelect>
</Provider>
`;
